[debug] [2026-03-17T15:52:18.805Z] ----------------------------------------------------------------------
[debug] [2026-03-17T15:52:18.812Z] Command:       C:\Program Files\nodejs\node.exe C:\Users\jorge\AppData\Roaming\npm\node_modules\firebase-tools\lib\bin\firebase.js emulators:start
[debug] [2026-03-17T15:52:18.813Z] CLI Version:   15.8.0
[debug] [2026-03-17T15:52:18.814Z] Platform:      win32
[debug] [2026-03-17T15:52:18.814Z] Node Version:  v24.13.0
[debug] [2026-03-17T15:52:18.815Z] Time:          Tue Mar 17 2026 12:52:18 GMT-0300 (Horário Padrão de Brasília)
[debug] [2026-03-17T15:52:18.815Z] ----------------------------------------------------------------------
[debug] 
[debug] [2026-03-17T15:52:23.829Z] > command requires scopes: ["email","openid","https://www.googleapis.com/auth/cloudplatformprojects.readonly","https://www.googleapis.com/auth/firebase","https://www.googleapis.com/auth/cloud-platform"]
[debug] [2026-03-17T15:52:23.830Z] > authorizing via signed-in user (jorgewalker2012@gmail.com)
[info] i  emulators: Starting emulators: functions, extensions {"metadata":{"emulator":{"name":"hub"},"message":"Starting emulators: functions, extensions"}}
[debug] [2026-03-17T15:52:23.839Z] Checked if tokens are valid: true, expires at: 1773766303114
[debug] [2026-03-17T15:52:23.840Z] Checked if tokens are valid: true, expires at: 1773766303114
[debug] [2026-03-17T15:52:23.842Z] >>> [apiv2][query] GET https://cloudresourcemanager.googleapis.com/v1/projects/japed-e09f2 [none]
[debug] [2026-03-17T15:52:25.275Z] <<< [apiv2][status] GET https://cloudresourcemanager.googleapis.com/v1/projects/japed-e09f2 200
[debug] [2026-03-17T15:52:25.276Z] <<< [apiv2][body] GET https://cloudresourcemanager.googleapis.com/v1/projects/japed-e09f2 {"projectNumber":"715293947768","projectId":"japed-e09f2","lifecycleState":"ACTIVE","name":"japed","labels":{"firebase":"enabled","firebase-core":"disabled"},"createTime":"2026-02-28T05:16:42.629873Z"}
[debug] [2026-03-17T15:52:25.303Z] [logging] Logging Emulator only supports listening on one address (127.0.0.1). Not listening on ::1
[debug] [2026-03-17T15:52:25.303Z] assigned listening specs for emulators {"user":{"hub":[{"address":"127.0.0.1","family":"IPv4","port":4400},{"address":"::1","family":"IPv6","port":4400}],"ui":[{"address":"127.0.0.1","family":"IPv4","port":4000},{"address":"::1","family":"IPv6","port":4000}],"logging":[{"address":"127.0.0.1","family":"IPv4","port":4500}]},"metadata":{"message":"assigned listening specs for emulators"}}
[debug] [2026-03-17T15:52:25.317Z] Write emulator hub locator at C:\Users\jorge\AppData\Local\Temp\hub-japed-e09f2.json
[debug] [2026-03-17T15:52:25.332Z] [Extensions] Started Extensions emulator, this is a noop.
[debug] [2026-03-17T15:52:25.348Z] [functions] Functions Emulator only supports listening on one address (127.0.0.1). Not listening on ::1
[debug] [2026-03-17T15:52:25.348Z] [eventarc] Eventarc Emulator only supports listening on one address (127.0.0.1). Not listening on ::1
[debug] [2026-03-17T15:52:25.348Z] [tasks] Cloud Tasks Emulator only supports listening on one address (127.0.0.1). Not listening on ::1
[debug] [2026-03-17T15:52:25.348Z] late-assigned ports for functions and eventarc emulators {"user":{"hub":[{"address":"127.0.0.1","family":"IPv4","port":4400},{"address":"::1","family":"IPv6","port":4400}],"ui":[{"address":"127.0.0.1","family":"IPv4","port":4000},{"address":"::1","family":"IPv6","port":4000}],"logging":[{"address":"127.0.0.1","family":"IPv4","port":4500}],"functions":[{"address":"127.0.0.1","family":"IPv4","port":5001}],"eventarc":[{"address":"127.0.0.1","family":"IPv4","port":9299}],"tasks":[{"address":"127.0.0.1","family":"IPv4","port":9499}]},"metadata":{"message":"late-assigned ports for functions and eventarc emulators"}}
[warn] !  functions: The following emulators are not running, calls to these services from the Functions emulator will affect production: apphosting, auth, firestore, database, hosting, pubsub, storage, dataconnect {"metadata":{"emulator":{"name":"functions"},"message":"The following emulators are not running, calls to these services from the Functions emulator will affect production: \u001b[1mapphosting, auth, firestore, database, hosting, pubsub, storage, dataconnect\u001b[22m"}}
[debug] [2026-03-17T15:52:25.689Z] defaultcredentials: writing to file C:\Users\jorge\AppData\Roaming\firebase\jorgewalker2012_gmail_com_application_default_credentials.json
[debug] [2026-03-17T15:52:25.701Z] Setting GAC to C:\Users\jorge\AppData\Roaming\firebase\jorgewalker2012_gmail_com_application_default_credentials.json {"metadata":{"emulator":{"name":"functions"},"message":"Setting GAC to C:\\Users\\jorge\\AppData\\Roaming\\firebase\\jorgewalker2012_gmail_com_application_default_credentials.json"}}
[debug] [2026-03-17T15:52:25.708Z] Checked if tokens are valid: true, expires at: 1773766303114
[debug] [2026-03-17T15:52:25.709Z] Checked if tokens are valid: true, expires at: 1773766303114
[debug] [2026-03-17T15:52:25.709Z] >>> [apiv2][query] GET https://firebase.googleapis.com/v1beta1/projects/japed-e09f2/adminSdkConfig [none]
[debug] [2026-03-17T15:52:26.363Z] <<< [apiv2][status] GET https://firebase.googleapis.com/v1beta1/projects/japed-e09f2/adminSdkConfig 200
[debug] [2026-03-17T15:52:26.363Z] <<< [apiv2][body] GET https://firebase.googleapis.com/v1beta1/projects/japed-e09f2/adminSdkConfig {"projectId":"japed-e09f2","storageBucket":"japed-e09f2.firebasestorage.app"}
[debug] [2026-03-17T15:52:26.465Z] [Extensions] Connecting Extensions emulator, this is a noop.
[info] i  functions: Watching "C:\Users\jorge\Documents\japed\functions" for Cloud Functions... {"metadata":{"emulator":{"name":"functions"},"message":"Watching \"C:\\Users\\jorge\\Documents\\japed\\functions\" for Cloud Functions..."}}
[debug] [2026-03-17T15:52:26.497Z] Validating nodejs source
[warn] !  functions: package.json indicates an outdated version of firebase-functions. Please upgrade using npm install --save firebase-functions@latest in your functions directory. 
[warn] !  functions: Please note that there will be breaking changes when you upgrade. 
[debug] [2026-03-17T15:52:28.697Z] > [functions] package.json contents: {
  "name": "functions",
  "description": "Firebase Functions para Mercado Pago embutido",
  "scripts": {
    "serve": "firebase emulators:start --only functions",
    "shell": "firebase functions:shell",
    "start": "npm run serve",
    "deploy": "firebase deploy --only functions",
    "logs": "firebase functions:log"
  },
  "engines": {
    "node": "20"
  },
  "main": "index.js",
  "dependencies": {
    "firebase-admin": "^13.5.0",
    "firebase-functions": "^6.5.0",
    "mercadopago": "^2.8.0"
  },
  "private": true
}
[debug] [2026-03-17T15:52:28.698Z] Building nodejs source
[debug] [2026-03-17T15:52:28.699Z] Failed to find version of module node: reached end of search path C:\Users\jorge\Documents\japed\functions\node_modules
[warn] !  functions: Your requested "node" version "20" doesn't match your global version "24". Using node@24 from host. 
[info] i  functions: Loaded environment variables from .env. 
[debug] [2026-03-17T15:52:28.708Z] Could not find functions.yaml. Must use http discovery
[debug] [2026-03-17T15:52:28.729Z] Found firebase-functions binary at 'C:\Users\jorge\Documents\japed\functions\node_modules\.bin\firebase-functions'
[info] Serving at port 8136

[debug] [2026-03-17T15:52:30.819Z] Got response from /__/functions.yaml {"endpoints":{"createMercadoPagoPixPayment":{"availableMemoryMb":null,"timeoutSeconds":null,"minInstances":null,"maxInstances":null,"ingressSettings":null,"concurrency":null,"serviceAccountEmail":null,"vpc":null,"platform":"gcfv2","labels":{},"httpsTrigger":{},"entryPoint":"createMercadoPagoPixPayment"},"getMercadoPagoPaymentStatus":{"availableMemoryMb":null,"timeoutSeconds":null,"minInstances":null,"maxInstances":null,"ingressSettings":null,"concurrency":null,"serviceAccountEmail":null,"vpc":null,"platform":"gcfv2","labels":{},"httpsTrigger":{},"entryPoint":"getMercadoPagoPaymentStatus"},"createMercadoPagoCardPayment":{"availableMemoryMb":null,"timeoutSeconds":null,"minInstances":null,"maxInstances":null,"ingressSettings":null,"concurrency":null,"serviceAccountEmail":null,"vpc":null,"platform":"gcfv2","labels":{},"httpsTrigger":{},"entryPoint":"createMercadoPagoCardPayment"}},"specVersion":"v1alpha1","requiredAPIs":[],"extensions":{}}
[debug] [2026-03-17T15:52:34.884Z] defaultcredentials: writing to file C:\Users\jorge\AppData\Roaming\firebase\jorgewalker2012_gmail_com_application_default_credentials.json
[debug] [2026-03-17T15:52:34.885Z] Setting GAC to C:\Users\jorge\AppData\Roaming\firebase\jorgewalker2012_gmail_com_application_default_credentials.json {"metadata":{"emulator":{"name":"functions"},"message":"Setting GAC to C:\\Users\\jorge\\AppData\\Roaming\\firebase\\jorgewalker2012_gmail_com_application_default_credentials.json"}}
[info] +  functions: Loaded functions definitions from source: createMercadoPagoPixPayment, getMercadoPagoPaymentStatus, createMercadoPagoCardPayment. {"metadata":{"emulator":{"name":"functions"},"message":"Loaded functions definitions from source: createMercadoPagoPixPayment, getMercadoPagoPaymentStatus, createMercadoPagoCardPayment."}}
[info] +  functions[us-central1-createMercadoPagoPixPayment]: http function initialized (http://127.0.0.1:5001/japed-e09f2/us-central1/createMercadoPagoPixPayment). {"metadata":{"emulator":{"name":"functions"},"message":"\u001b[1mhttp\u001b[22m function initialized (http://127.0.0.1:5001/japed-e09f2/us-central1/createMercadoPagoPixPayment)."}}
[info] +  functions[us-central1-getMercadoPagoPaymentStatus]: http function initialized (http://127.0.0.1:5001/japed-e09f2/us-central1/getMercadoPagoPaymentStatus). {"metadata":{"emulator":{"name":"functions"},"message":"\u001b[1mhttp\u001b[22m function initialized (http://127.0.0.1:5001/japed-e09f2/us-central1/getMercadoPagoPaymentStatus)."}}
[info] +  functions[us-central1-createMercadoPagoCardPayment]: http function initialized (http://127.0.0.1:5001/japed-e09f2/us-central1/createMercadoPagoCardPayment). {"metadata":{"emulator":{"name":"functions"},"message":"\u001b[1mhttp\u001b[22m function initialized (http://127.0.0.1:5001/japed-e09f2/us-central1/createMercadoPagoCardPayment)."}}
[debug] [2026-03-17T15:52:34.901Z] Could not find VSCode notification endpoint: FetchError: request to http://localhost:40001/vscode/notify failed, reason: . If you are not running the Firebase Data Connect VSCode extension, this is expected and not an issue.
[info] 
┌─────────────────────────────────────────────────────────────┐
│ ✔  All emulators ready! It is now safe to connect your app. │
│ i  View Emulator UI at http://127.0.0.1:4000/               │
└─────────────────────────────────────────────────────────────┘

┌────────────┬────────────────┬──────────────────────────────────┐
│ Emulator   │ Host:Port      │ View in Emulator UI              │
├────────────┼────────────────┼──────────────────────────────────┤
│ Functions  │ 127.0.0.1:5001 │ http://127.0.0.1:4000/functions  │
├────────────┼────────────────┼──────────────────────────────────┤
│ Extensions │ 127.0.0.1:5001 │ http://127.0.0.1:4000/extensions │
└────────────┴────────────────┴──────────────────────────────────┘
  Emulator Hub host: 127.0.0.1 port: 4400
  Other reserved ports: 4500
┌─────────────────────────┬───────────────┬─────────────────────┐
│ Extension Instance Name │ Extension Ref │ View in Emulator UI │
└─────────────────────────┴───────────────┴─────────────────────┘
Issues? Report them at https://github.com/firebase/firebase-tools/issues and attach the *-debug.log files.
 
[debug] [2026-03-17T15:53:26.703Z] [work-queue] {"queuedWork":["/japed-e09f2/us-central1/createMercadoPagoPixPayment-2026-03-17T15:53:26.703Z"],"queueLength":1,"runningWork":[],"workRunningCount":0}
[debug] [2026-03-17T15:53:26.704Z] [work-queue] {"queuedWork":[],"queueLength":0,"runningWork":["/japed-e09f2/us-central1/createMercadoPagoPixPayment-2026-03-17T15:53:26.703Z"],"workRunningCount":1}
[debug] [2026-03-17T15:53:26.705Z] Accepted request OPTIONS /japed-e09f2/us-central1/createMercadoPagoPixPayment --> us-central1-createMercadoPagoPixPayment
[debug] [2026-03-17T15:53:26.706Z] [functions] Runtime ready! Sending request! {"metadata":{"emulator":{"name":"functions"},"message":"[functions] Runtime ready! Sending request!"}}
[debug] [2026-03-17T15:53:26.707Z] [functions] Got req.url=/japed-e09f2/us-central1/createMercadoPagoPixPayment, mapping to path=/ {"metadata":{"emulator":{"name":"functions"},"message":"[functions] Got req.url=/japed-e09f2/us-central1/createMercadoPagoPixPayment, mapping to path=/"}}
[info] i  functions: Loaded environment variables from .env. 
[debug] [2026-03-17T15:53:26.748Z] [worker-pool] addWorker(us-central1-createMercadoPagoPixPayment) {"metadata":{"emulator":{"name":"functions"},"message":"[worker-pool] addWorker(us-central1-createMercadoPagoPixPayment)"}}
[debug] [2026-03-17T15:53:26.751Z] [worker-pool] Adding worker with key us-central1-createMercadoPagoPixPayment, total=1 {"metadata":{"emulator":{"name":"functions"},"message":"[worker-pool] Adding worker with key us-central1-createMercadoPagoPixPayment, total=1"}}
[debug] [2026-03-17T15:53:30.952Z] [runtime-status] [8660] Resolved module firebase-admin {"declared":true,"installed":true,"version":"13.7.0","resolution":"C:\\Users\\jorge\\Documents\\japed\\functions\\node_modules\\firebase-admin\\lib\\index.js"} {"metadata":{"emulator":{"name":"functions"},"function":{"name":"us-central1-createMercadoPagoPixPayment"},"extension":{},"message":"[runtime-status] [8660] Resolved module firebase-admin {\"declared\":true,\"installed\":true,\"version\":\"13.7.0\",\"resolution\":\"C:\\\\Users\\\\jorge\\\\Documents\\\\japed\\\\functions\\\\node_modules\\\\firebase-admin\\\\lib\\\\index.js\"}"}}
[debug] [2026-03-17T15:53:30.955Z] [runtime-status] [8660] Resolved module firebase-functions {"declared":true,"installed":true,"version":"6.6.0","resolution":"C:\\Users\\jorge\\Documents\\japed\\functions\\node_modules\\firebase-functions\\lib\\v2\\index.js"} {"metadata":{"emulator":{"name":"functions"},"function":{"name":"us-central1-createMercadoPagoPixPayment"},"extension":{},"message":"[runtime-status] [8660] Resolved module firebase-functions {\"declared\":true,\"installed\":true,\"version\":\"6.6.0\",\"resolution\":\"C:\\\\Users\\\\jorge\\\\Documents\\\\japed\\\\functions\\\\node_modules\\\\firebase-functions\\\\lib\\\\v2\\\\index.js\"}"}}
[debug] [2026-03-17T15:53:30.955Z] [runtime-status] [8660] Outgoing network have been stubbed. [{"name":"http","status":"mocked"},{"name":"http","status":"mocked"},{"name":"https","status":"mocked"},{"name":"https","status":"mocked"},{"name":"net","status":"mocked"}] {"metadata":{"emulator":{"name":"functions"},"function":{"name":"us-central1-createMercadoPagoPixPayment"},"extension":{},"message":"[runtime-status] [8660] Outgoing network have been stubbed. [{\"name\":\"http\",\"status\":\"mocked\"},{\"name\":\"http\",\"status\":\"mocked\"},{\"name\":\"https\",\"status\":\"mocked\"},{\"name\":\"https\",\"status\":\"mocked\"},{\"name\":\"net\",\"status\":\"mocked\"}]"}}
[debug] [2026-03-17T15:53:30.958Z] [runtime-status] [8660] Resolved module firebase-functions {"declared":true,"installed":true,"version":"6.6.0","resolution":"C:\\Users\\jorge\\Documents\\japed\\functions\\node_modules\\firebase-functions\\lib\\v2\\index.js"} {"metadata":{"emulator":{"name":"functions"},"function":{"name":"us-central1-createMercadoPagoPixPayment"},"extension":{},"message":"[runtime-status] [8660] Resolved module firebase-functions {\"declared\":true,\"installed\":true,\"version\":\"6.6.0\",\"resolution\":\"C:\\\\Users\\\\jorge\\\\Documents\\\\japed\\\\functions\\\\node_modules\\\\firebase-functions\\\\lib\\\\v2\\\\index.js\"}"}}
[debug] [2026-03-17T15:53:32.117Z] [runtime-status] [8660] Resolved module firebase-admin {"declared":true,"installed":true,"version":"13.7.0","resolution":"C:\\Users\\jorge\\Documents\\japed\\functions\\node_modules\\firebase-admin\\lib\\index.js"} {"metadata":{"emulator":{"name":"functions"},"function":{"name":"us-central1-createMercadoPagoPixPayment"},"extension":{},"message":"[runtime-status] [8660] Resolved module firebase-admin {\"declared\":true,\"installed\":true,\"version\":\"13.7.0\",\"resolution\":\"C:\\\\Users\\\\jorge\\\\Documents\\\\japed\\\\functions\\\\node_modules\\\\firebase-admin\\\\lib\\\\index.js\"}"}}
[debug] [2026-03-17T15:53:32.125Z] [runtime-status] [8660] Resolved module firebase-functions {"declared":true,"installed":true,"version":"6.6.0","resolution":"C:\\Users\\jorge\\Documents\\japed\\functions\\node_modules\\firebase-functions\\lib\\v2\\index.js"} {"metadata":{"emulator":{"name":"functions"},"function":{"name":"us-central1-createMercadoPagoPixPayment"},"extension":{},"message":"[runtime-status] [8660] Resolved module firebase-functions {\"declared\":true,\"installed\":true,\"version\":\"6.6.0\",\"resolution\":\"C:\\\\Users\\\\jorge\\\\Documents\\\\japed\\\\functions\\\\node_modules\\\\firebase-functions\\\\lib\\\\v2\\\\index.js\"}"}}
[debug] [2026-03-17T15:53:34.229Z] [runtime-status] [8660] firebase-admin has been stubbed. {"adminResolution":{"declared":true,"installed":true,"version":"13.7.0","resolution":"C:\\Users\\jorge\\Documents\\japed\\functions\\node_modules\\firebase-admin\\lib\\index.js"}} {"metadata":{"emulator":{"name":"functions"},"function":{"name":"us-central1-createMercadoPagoPixPayment"},"extension":{},"message":"[runtime-status] [8660] firebase-admin has been stubbed. {\"adminResolution\":{\"declared\":true,\"installed\":true,\"version\":\"13.7.0\",\"resolution\":\"C:\\\\Users\\\\jorge\\\\Documents\\\\japed\\\\functions\\\\node_modules\\\\firebase-admin\\\\lib\\\\index.js\"}}"}}
[debug] [2026-03-17T15:53:34.588Z] [runtime-status] [8660] initializeApp(DEFAULT) {"storageBucket":"japed-e09f2.firebasestorage.app","projectId":"japed-e09f2"} {"metadata":{"emulator":{"name":"functions"},"function":{"name":"us-central1-createMercadoPagoPixPayment"},"extension":{},"message":"[runtime-status] [8660] initializeApp(DEFAULT) {\"storageBucket\":\"japed-e09f2.firebasestorage.app\",\"projectId\":\"japed-e09f2\"}"}}
[warn] !  functions: The Cloud Firestore emulator is not running, so calls to Firestore will affect production. {"metadata":{"emulator":{"name":"functions"},"function":{"name":"us-central1-createMercadoPagoPixPayment"},"extension":{},"message":"The Cloud Firestore emulator is not running, so calls to Firestore will affect production."}}
[debug] [2026-03-17T15:53:34.625Z] [runtime-status] [8660] Functions runtime initialized. {"cwd":"C:\\Users\\jorge\\Documents\\japed\\functions","node_version":"24.13.0"} {"metadata":{"emulator":{"name":"functions"},"function":{"name":"us-central1-createMercadoPagoPixPayment"},"extension":{},"message":"[runtime-status] [8660] Functions runtime initialized. {\"cwd\":\"C:\\\\Users\\\\jorge\\\\Documents\\\\japed\\\\functions\",\"node_version\":\"24.13.0\"}"}}
[debug] [2026-03-17T15:53:34.628Z] [runtime-status] [8660] Listening to port: \\?\pipe\fire_emu_3c79c00823062861 {"metadata":{"emulator":{"name":"functions"},"function":{"name":"us-central1-createMercadoPagoPixPayment"},"extension":{},"message":"[runtime-status] [8660] Listening to port: \\\\?\\pipe\\fire_emu_3c79c00823062861"}}
[debug] [2026-03-17T15:53:34.649Z] [worker-us-central1-createMercadoPagoPixPayment-2e734af8-4f01-4d77-bb35-0467b70345d9]: IDLE {"metadata":{"emulator":{"name":"functions"},"function":{"name":"us-central1-createMercadoPagoPixPayment"},"extension":{},"message":"[worker-us-central1-createMercadoPagoPixPayment-2e734af8-4f01-4d77-bb35-0467b70345d9]: IDLE"}}
[debug] [2026-03-17T15:53:34.650Z] [worker-pool] submitRequest(triggerId=us-central1-createMercadoPagoPixPayment) {"metadata":{"emulator":{"name":"functions"},"message":"[worker-pool] submitRequest(triggerId=us-central1-createMercadoPagoPixPayment)"}}
[info] i  functions: Beginning execution of "us-central1-createMercadoPagoPixPayment" {"metadata":{"emulator":{"name":"functions"},"function":{"name":"us-central1-createMercadoPagoPixPayment"},"extension":{},"message":"Beginning execution of \"us-central1-createMercadoPagoPixPayment\""}}
[debug] [2026-03-17T15:53:34.652Z] [worker-us-central1-createMercadoPagoPixPayment-2e734af8-4f01-4d77-bb35-0467b70345d9]: BUSY {"metadata":{"emulator":{"name":"functions"},"function":{"name":"us-central1-createMercadoPagoPixPayment"},"extension":{},"message":"[worker-us-central1-createMercadoPagoPixPayment-2e734af8-4f01-4d77-bb35-0467b70345d9]: BUSY"}}
[debug] [2026-03-17T15:53:34.666Z] Finishing up request with event=pause {"metadata":{"emulator":{"name":"functions"},"function":{"name":"us-central1-createMercadoPagoPixPayment"},"extension":{},"message":"Finishing up request with event=pause"}}
[info] i  functions: Finished "us-central1-createMercadoPagoPixPayment" in 14.6253ms {"metadata":{"emulator":{"name":"functions"},"function":{"name":"us-central1-createMercadoPagoPixPayment"},"extension":{},"message":"Finished \"us-central1-createMercadoPagoPixPayment\" in 14.6253ms"}}
[debug] [2026-03-17T15:53:34.669Z] [worker-us-central1-createMercadoPagoPixPayment-2e734af8-4f01-4d77-bb35-0467b70345d9]: IDLE {"metadata":{"emulator":{"name":"functions"},"function":{"name":"us-central1-createMercadoPagoPixPayment"},"extension":{},"message":"[worker-us-central1-createMercadoPagoPixPayment-2e734af8-4f01-4d77-bb35-0467b70345d9]: IDLE"}}
[debug] [2026-03-17T15:53:34.669Z] Finishing up request with event=finish {"metadata":{"emulator":{"name":"functions"},"function":{"name":"us-central1-createMercadoPagoPixPayment"},"extension":{},"message":"Finishing up request with event=finish"}}
[debug] [2026-03-17T15:53:34.670Z] Finishing up request with event=close {"metadata":{"emulator":{"name":"functions"},"function":{"name":"us-central1-createMercadoPagoPixPayment"},"extension":{},"message":"Finishing up request with event=close"}}
[debug] [2026-03-17T15:53:34.670Z] [work-queue] {"queuedWork":[],"queueLength":0,"runningWork":[],"workRunningCount":0}
[debug] [2026-03-17T15:53:34.672Z] [work-queue] {"queuedWork":["/japed-e09f2/us-central1/createMercadoPagoPixPayment-2026-03-17T15:53:34.672Z"],"queueLength":1,"runningWork":[],"workRunningCount":0}
[debug] [2026-03-17T15:53:34.672Z] [work-queue] {"queuedWork":[],"queueLength":0,"runningWork":["/japed-e09f2/us-central1/createMercadoPagoPixPayment-2026-03-17T15:53:34.672Z"],"workRunningCount":1}
[debug] [2026-03-17T15:53:34.672Z] Accepted request POST /japed-e09f2/us-central1/createMercadoPagoPixPayment --> us-central1-createMercadoPagoPixPayment
[debug] [2026-03-17T15:53:34.673Z] [functions] Runtime ready! Sending request! {"metadata":{"emulator":{"name":"functions"},"message":"[functions] Runtime ready! Sending request!"}}
[debug] [2026-03-17T15:53:34.673Z] [functions] Got req.url=/japed-e09f2/us-central1/createMercadoPagoPixPayment, mapping to path=/ {"metadata":{"emulator":{"name":"functions"},"message":"[functions] Got req.url=/japed-e09f2/us-central1/createMercadoPagoPixPayment, mapping to path=/"}}
[debug] [2026-03-17T15:53:34.673Z] [worker-pool] submitRequest(triggerId=us-central1-createMercadoPagoPixPayment) {"metadata":{"emulator":{"name":"functions"},"message":"[worker-pool] submitRequest(triggerId=us-central1-createMercadoPagoPixPayment)"}}
[info] i  functions: Beginning execution of "us-central1-createMercadoPagoPixPayment" {"metadata":{"emulator":{"name":"functions"},"function":{"name":"us-central1-createMercadoPagoPixPayment"},"extension":{},"message":"Beginning execution of \"us-central1-createMercadoPagoPixPayment\""}}
[debug] [2026-03-17T15:53:34.674Z] [worker-us-central1-createMercadoPagoPixPayment-2e734af8-4f01-4d77-bb35-0467b70345d9]: BUSY {"metadata":{"emulator":{"name":"functions"},"function":{"name":"us-central1-createMercadoPagoPixPayment"},"extension":{},"message":"[worker-us-central1-createMercadoPagoPixPayment-2e734af8-4f01-4d77-bb35-0467b70345d9]: BUSY"}}
[warn] !  External network resource requested!
   - URL: "https://api.mercadopago.com/v1/payments"
 - Be careful, this may be a production service. {"metadata":{"emulator":{"name":"functions"},"function":{"name":"us-central1-createMercadoPagoPixPayment"},"extension":{},"message":"External network resource requested!\n   - URL: \"https://api.mercadopago.com/v1/payments\"\n - Be careful, this may be a production service."}}
[warn] !  Google API requested!
   - URL: "https://oauth2.googleapis.com/token"
   - Be careful, this may be a production service. {"metadata":{"emulator":{"name":"functions"},"function":{"name":"us-central1-createMercadoPagoPixPayment"},"extension":{},"message":"Google API requested!\n   - URL: \"https://oauth2.googleapis.com/token\"\n   - Be careful, this may be a production service."}}
[debug] [2026-03-17T15:53:44.841Z] Finishing up request with event=pause {"metadata":{"emulator":{"name":"functions"},"function":{"name":"us-central1-createMercadoPagoPixPayment"},"extension":{},"message":"Finishing up request with event=pause"}}
[info] i  functions: Finished "us-central1-createMercadoPagoPixPayment" in 10167.4746ms {"metadata":{"emulator":{"name":"functions"},"function":{"name":"us-central1-createMercadoPagoPixPayment"},"extension":{},"message":"Finished \"us-central1-createMercadoPagoPixPayment\" in 10167.4746ms"}}
[debug] [2026-03-17T15:53:44.843Z] [worker-us-central1-createMercadoPagoPixPayment-2e734af8-4f01-4d77-bb35-0467b70345d9]: IDLE {"metadata":{"emulator":{"name":"functions"},"function":{"name":"us-central1-createMercadoPagoPixPayment"},"extension":{},"message":"[worker-us-central1-createMercadoPagoPixPayment-2e734af8-4f01-4d77-bb35-0467b70345d9]: IDLE"}}
[debug] [2026-03-17T15:53:44.843Z] Finishing up request with event=finish {"metadata":{"emulator":{"name":"functions"},"function":{"name":"us-central1-createMercadoPagoPixPayment"},"extension":{},"message":"Finishing up request with event=finish"}}
[debug] [2026-03-17T15:53:44.844Z] Finishing up request with event=close {"metadata":{"emulator":{"name":"functions"},"function":{"name":"us-central1-createMercadoPagoPixPayment"},"extension":{},"message":"Finishing up request with event=close"}}
[debug] [2026-03-17T15:53:44.845Z] [work-queue] {"queuedWork":[],"queueLength":0,"runningWork":[],"workRunningCount":0}
[debug] [2026-03-17T15:53:48.994Z] [work-queue] {"queuedWork":["/japed-e09f2/us-central1/getMercadoPagoPaymentStatus-2026-03-17T15:53:48.994Z"],"queueLength":1,"runningWork":[],"workRunningCount":0}
[debug] [2026-03-17T15:53:48.994Z] [work-queue] {"queuedWork":[],"queueLength":0,"runningWork":["/japed-e09f2/us-central1/getMercadoPagoPaymentStatus-2026-03-17T15:53:48.994Z"],"workRunningCount":1}
[debug] [2026-03-17T15:53:48.994Z] Accepted request OPTIONS /japed-e09f2/us-central1/getMercadoPagoPaymentStatus --> us-central1-getMercadoPagoPaymentStatus
[debug] [2026-03-17T15:53:48.995Z] [functions] Runtime ready! Sending request! {"metadata":{"emulator":{"name":"functions"},"message":"[functions] Runtime ready! Sending request!"}}
[debug] [2026-03-17T15:53:48.995Z] [functions] Got req.url=/japed-e09f2/us-central1/getMercadoPagoPaymentStatus, mapping to path=/ {"metadata":{"emulator":{"name":"functions"},"message":"[functions] Got req.url=/japed-e09f2/us-central1/getMercadoPagoPaymentStatus, mapping to path=/"}}
[info] i  functions: Loaded environment variables from .env. 
[debug] [2026-03-17T15:53:49.009Z] [worker-pool] addWorker(us-central1-getMercadoPagoPaymentStatus) {"metadata":{"emulator":{"name":"functions"},"message":"[worker-pool] addWorker(us-central1-getMercadoPagoPaymentStatus)"}}
[debug] [2026-03-17T15:53:49.009Z] [worker-pool] Adding worker with key us-central1-getMercadoPagoPaymentStatus, total=1 {"metadata":{"emulator":{"name":"functions"},"message":"[worker-pool] Adding worker with key us-central1-getMercadoPagoPaymentStatus, total=1"}}
[debug] [2026-03-17T15:53:52.293Z] [runtime-status] [6812] Resolved module firebase-admin {"declared":true,"installed":true,"version":"13.7.0","resolution":"C:\\Users\\jorge\\Documents\\japed\\functions\\node_modules\\firebase-admin\\lib\\index.js"} {"metadata":{"emulator":{"name":"functions"},"function":{"name":"us-central1-getMercadoPagoPaymentStatus"},"extension":{},"message":"[runtime-status] [6812] Resolved module firebase-admin {\"declared\":true,\"installed\":true,\"version\":\"13.7.0\",\"resolution\":\"C:\\\\Users\\\\jorge\\\\Documents\\\\japed\\\\functions\\\\node_modules\\\\firebase-admin\\\\lib\\\\index.js\"}"}}
[debug] [2026-03-17T15:53:52.298Z] [runtime-status] [6812] Resolved module firebase-functions {"declared":true,"installed":true,"version":"6.6.0","resolution":"C:\\Users\\jorge\\Documents\\japed\\functions\\node_modules\\firebase-functions\\lib\\v2\\index.js"} {"metadata":{"emulator":{"name":"functions"},"function":{"name":"us-central1-getMercadoPagoPaymentStatus"},"extension":{},"message":"[runtime-status] [6812] Resolved module firebase-functions {\"declared\":true,\"installed\":true,\"version\":\"6.6.0\",\"resolution\":\"C:\\\\Users\\\\jorge\\\\Documents\\\\japed\\\\functions\\\\node_modules\\\\firebase-functions\\\\lib\\\\v2\\\\index.js\"}"}}
[debug] [2026-03-17T15:53:52.298Z] [runtime-status] [6812] Outgoing network have been stubbed. [{"name":"http","status":"mocked"},{"name":"http","status":"mocked"},{"name":"https","status":"mocked"},{"name":"https","status":"mocked"},{"name":"net","status":"mocked"}] {"metadata":{"emulator":{"name":"functions"},"function":{"name":"us-central1-getMercadoPagoPaymentStatus"},"extension":{},"message":"[runtime-status] [6812] Outgoing network have been stubbed. [{\"name\":\"http\",\"status\":\"mocked\"},{\"name\":\"http\",\"status\":\"mocked\"},{\"name\":\"https\",\"status\":\"mocked\"},{\"name\":\"https\",\"status\":\"mocked\"},{\"name\":\"net\",\"status\":\"mocked\"}]"}}
[debug] [2026-03-17T15:53:52.301Z] [runtime-status] [6812] Resolved module firebase-functions {"declared":true,"installed":true,"version":"6.6.0","resolution":"C:\\Users\\jorge\\Documents\\japed\\functions\\node_modules\\firebase-functions\\lib\\v2\\index.js"} {"metadata":{"emulator":{"name":"functions"},"function":{"name":"us-central1-getMercadoPagoPaymentStatus"},"extension":{},"message":"[runtime-status] [6812] Resolved module firebase-functions {\"declared\":true,\"installed\":true,\"version\":\"6.6.0\",\"resolution\":\"C:\\\\Users\\\\jorge\\\\Documents\\\\japed\\\\functions\\\\node_modules\\\\firebase-functions\\\\lib\\\\v2\\\\index.js\"}"}}
[debug] [2026-03-17T15:53:53.110Z] [runtime-status] [6812] Resolved module firebase-admin {"declared":true,"installed":true,"version":"13.7.0","resolution":"C:\\Users\\jorge\\Documents\\japed\\functions\\node_modules\\firebase-admin\\lib\\index.js"} {"metadata":{"emulator":{"name":"functions"},"function":{"name":"us-central1-getMercadoPagoPaymentStatus"},"extension":{},"message":"[runtime-status] [6812] Resolved module firebase-admin {\"declared\":true,\"installed\":true,\"version\":\"13.7.0\",\"resolution\":\"C:\\\\Users\\\\jorge\\\\Documents\\\\japed\\\\functions\\\\node_modules\\\\firebase-admin\\\\lib\\\\index.js\"}"}}
[debug] [2026-03-17T15:53:53.119Z] [runtime-status] [6812] Resolved module firebase-functions {"declared":true,"installed":true,"version":"6.6.0","resolution":"C:\\Users\\jorge\\Documents\\japed\\functions\\node_modules\\firebase-functions\\lib\\v2\\index.js"} {"metadata":{"emulator":{"name":"functions"},"function":{"name":"us-central1-getMercadoPagoPaymentStatus"},"extension":{},"message":"[runtime-status] [6812] Resolved module firebase-functions {\"declared\":true,\"installed\":true,\"version\":\"6.6.0\",\"resolution\":\"C:\\\\Users\\\\jorge\\\\Documents\\\\japed\\\\functions\\\\node_modules\\\\firebase-functions\\\\lib\\\\v2\\\\index.js\"}"}}
[debug] [2026-03-17T15:53:53.598Z] [runtime-status] [6812] firebase-admin has been stubbed. {"adminResolution":{"declared":true,"installed":true,"version":"13.7.0","resolution":"C:\\Users\\jorge\\Documents\\japed\\functions\\node_modules\\firebase-admin\\lib\\index.js"}} {"metadata":{"emulator":{"name":"functions"},"function":{"name":"us-central1-getMercadoPagoPaymentStatus"},"extension":{},"message":"[runtime-status] [6812] firebase-admin has been stubbed. {\"adminResolution\":{\"declared\":true,\"installed\":true,\"version\":\"13.7.0\",\"resolution\":\"C:\\\\Users\\\\jorge\\\\Documents\\\\japed\\\\functions\\\\node_modules\\\\firebase-admin\\\\lib\\\\index.js\"}}"}}
[debug] [2026-03-17T15:53:53.875Z] [runtime-status] [6812] initializeApp(DEFAULT) {"storageBucket":"japed-e09f2.firebasestorage.app","projectId":"japed-e09f2"} {"metadata":{"emulator":{"name":"functions"},"function":{"name":"us-central1-getMercadoPagoPaymentStatus"},"extension":{},"message":"[runtime-status] [6812] initializeApp(DEFAULT) {\"storageBucket\":\"japed-e09f2.firebasestorage.app\",\"projectId\":\"japed-e09f2\"}"}}
[debug] [2026-03-17T15:53:53.895Z] [runtime-status] [6812] Functions runtime initialized. {"cwd":"C:\\Users\\jorge\\Documents\\japed\\functions","node_version":"24.13.0"} {"metadata":{"emulator":{"name":"functions"},"function":{"name":"us-central1-getMercadoPagoPaymentStatus"},"extension":{},"message":"[runtime-status] [6812] Functions runtime initialized. {\"cwd\":\"C:\\\\Users\\\\jorge\\\\Documents\\\\japed\\\\functions\",\"node_version\":\"24.13.0\"}"}}
[debug] [2026-03-17T15:53:53.895Z] [runtime-status] [6812] Listening to port: \\?\pipe\fire_emu_b1cc98e759c0064d {"metadata":{"emulator":{"name":"functions"},"function":{"name":"us-central1-getMercadoPagoPaymentStatus"},"extension":{},"message":"[runtime-status] [6812] Listening to port: \\\\?\\pipe\\fire_emu_b1cc98e759c0064d"}}
[debug] [2026-03-17T15:53:53.939Z] [worker-us-central1-getMercadoPagoPaymentStatus-4192931c-8225-4273-bee5-db8db79cd882]: IDLE {"metadata":{"emulator":{"name":"functions"},"function":{"name":"us-central1-getMercadoPagoPaymentStatus"},"extension":{},"message":"[worker-us-central1-getMercadoPagoPaymentStatus-4192931c-8225-4273-bee5-db8db79cd882]: IDLE"}}
[debug] [2026-03-17T15:53:53.940Z] [worker-pool] submitRequest(triggerId=us-central1-getMercadoPagoPaymentStatus) {"metadata":{"emulator":{"name":"functions"},"message":"[worker-pool] submitRequest(triggerId=us-central1-getMercadoPagoPaymentStatus)"}}
[info] i  functions: Beginning execution of "us-central1-getMercadoPagoPaymentStatus" {"metadata":{"emulator":{"name":"functions"},"function":{"name":"us-central1-getMercadoPagoPaymentStatus"},"extension":{},"message":"Beginning execution of \"us-central1-getMercadoPagoPaymentStatus\""}}
[debug] [2026-03-17T15:53:53.941Z] [worker-us-central1-getMercadoPagoPaymentStatus-4192931c-8225-4273-bee5-db8db79cd882]: BUSY {"metadata":{"emulator":{"name":"functions"},"function":{"name":"us-central1-getMercadoPagoPaymentStatus"},"extension":{},"message":"[worker-us-central1-getMercadoPagoPaymentStatus-4192931c-8225-4273-bee5-db8db79cd882]: BUSY"}}
[debug] [2026-03-17T15:53:53.949Z] Finishing up request with event=pause {"metadata":{"emulator":{"name":"functions"},"function":{"name":"us-central1-getMercadoPagoPaymentStatus"},"extension":{},"message":"Finishing up request with event=pause"}}
[info] i  functions: Finished "us-central1-getMercadoPagoPaymentStatus" in 8.8469ms {"metadata":{"emulator":{"name":"functions"},"function":{"name":"us-central1-getMercadoPagoPaymentStatus"},"extension":{},"message":"Finished \"us-central1-getMercadoPagoPaymentStatus\" in 8.8469ms"}}
[debug] [2026-03-17T15:53:53.951Z] [worker-us-central1-getMercadoPagoPaymentStatus-4192931c-8225-4273-bee5-db8db79cd882]: IDLE {"metadata":{"emulator":{"name":"functions"},"function":{"name":"us-central1-getMercadoPagoPaymentStatus"},"extension":{},"message":"[worker-us-central1-getMercadoPagoPaymentStatus-4192931c-8225-4273-bee5-db8db79cd882]: IDLE"}}
[debug] [2026-03-17T15:53:53.951Z] Finishing up request with event=finish {"metadata":{"emulator":{"name":"functions"},"function":{"name":"us-central1-getMercadoPagoPaymentStatus"},"extension":{},"message":"Finishing up request with event=finish"}}
[debug] [2026-03-17T15:53:53.952Z] Finishing up request with event=close {"metadata":{"emulator":{"name":"functions"},"function":{"name":"us-central1-getMercadoPagoPaymentStatus"},"extension":{},"message":"Finishing up request with event=close"}}
[debug] [2026-03-17T15:53:53.952Z] [work-queue] {"queuedWork":[],"queueLength":0,"runningWork":[],"workRunningCount":0}
[debug] [2026-03-17T15:53:53.954Z] [work-queue] {"queuedWork":["/japed-e09f2/us-central1/getMercadoPagoPaymentStatus-2026-03-17T15:53:53.954Z"],"queueLength":1,"runningWork":[],"workRunningCount":0}
[debug] [2026-03-17T15:53:53.954Z] [work-queue] {"queuedWork":[],"queueLength":0,"runningWork":["/japed-e09f2/us-central1/getMercadoPagoPaymentStatus-2026-03-17T15:53:53.954Z"],"workRunningCount":1}
[debug] [2026-03-17T15:53:53.954Z] Accepted request POST /japed-e09f2/us-central1/getMercadoPagoPaymentStatus --> us-central1-getMercadoPagoPaymentStatus
[debug] [2026-03-17T15:53:53.955Z] [functions] Runtime ready! Sending request! {"metadata":{"emulator":{"name":"functions"},"message":"[functions] Runtime ready! Sending request!"}}
[debug] [2026-03-17T15:53:53.956Z] [functions] Got req.url=/japed-e09f2/us-central1/getMercadoPagoPaymentStatus, mapping to path=/ {"metadata":{"emulator":{"name":"functions"},"message":"[functions] Got req.url=/japed-e09f2/us-central1/getMercadoPagoPaymentStatus, mapping to path=/"}}
[debug] [2026-03-17T15:53:53.956Z] [worker-pool] submitRequest(triggerId=us-central1-getMercadoPagoPaymentStatus) {"metadata":{"emulator":{"name":"functions"},"message":"[worker-pool] submitRequest(triggerId=us-central1-getMercadoPagoPaymentStatus)"}}
[info] i  functions: Beginning execution of "us-central1-getMercadoPagoPaymentStatus" {"metadata":{"emulator":{"name":"functions"},"function":{"name":"us-central1-getMercadoPagoPaymentStatus"},"extension":{},"message":"Beginning execution of \"us-central1-getMercadoPagoPaymentStatus\""}}
[debug] [2026-03-17T15:53:53.959Z] [worker-us-central1-getMercadoPagoPaymentStatus-4192931c-8225-4273-bee5-db8db79cd882]: BUSY {"metadata":{"emulator":{"name":"functions"},"function":{"name":"us-central1-getMercadoPagoPaymentStatus"},"extension":{},"message":"[worker-us-central1-getMercadoPagoPaymentStatus-4192931c-8225-4273-bee5-db8db79cd882]: BUSY"}}
[warn] !  External network resource requested!
   - URL: "https://api.mercadopago.com/v1/payments/150018579905"
 - Be careful, this may be a production service. {"metadata":{"emulator":{"name":"functions"},"function":{"name":"us-central1-getMercadoPagoPaymentStatus"},"extension":{},"message":"External network resource requested!\n   - URL: \"https://api.mercadopago.com/v1/payments/150018579905\"\n - Be careful, this may be a production service."}}
[warn] !  Google API requested!
   - URL: "https://oauth2.googleapis.com/token"
   - Be careful, this may be a production service. {"metadata":{"emulator":{"name":"functions"},"function":{"name":"us-central1-getMercadoPagoPaymentStatus"},"extension":{},"message":"Google API requested!\n   - URL: \"https://oauth2.googleapis.com/token\"\n   - Be careful, this may be a production service."}}
[debug] [2026-03-17T15:54:07.979Z] Finishing up request with event=pause {"metadata":{"emulator":{"name":"functions"},"function":{"name":"us-central1-getMercadoPagoPaymentStatus"},"extension":{},"message":"Finishing up request with event=pause"}}
[info] i  functions: Finished "us-central1-getMercadoPagoPaymentStatus" in 14020.6306ms {"metadata":{"emulator":{"name":"functions"},"function":{"name":"us-central1-getMercadoPagoPaymentStatus"},"extension":{},"message":"Finished \"us-central1-getMercadoPagoPaymentStatus\" in 14020.6306ms"}}
[debug] [2026-03-17T15:54:07.981Z] [worker-us-central1-getMercadoPagoPaymentStatus-4192931c-8225-4273-bee5-db8db79cd882]: IDLE {"metadata":{"emulator":{"name":"functions"},"function":{"name":"us-central1-getMercadoPagoPaymentStatus"},"extension":{},"message":"[worker-us-central1-getMercadoPagoPaymentStatus-4192931c-8225-4273-bee5-db8db79cd882]: IDLE"}}
[debug] [2026-03-17T15:54:07.982Z] Finishing up request with event=finish {"metadata":{"emulator":{"name":"functions"},"function":{"name":"us-central1-getMercadoPagoPaymentStatus"},"extension":{},"message":"Finishing up request with event=finish"}}
[debug] [2026-03-17T15:54:07.982Z] Finishing up request with event=close {"metadata":{"emulator":{"name":"functions"},"function":{"name":"us-central1-getMercadoPagoPaymentStatus"},"extension":{},"message":"Finishing up request with event=close"}}
[debug] [2026-03-17T15:54:07.982Z] [work-queue] {"queuedWork":[],"queueLength":0,"runningWork":[],"workRunningCount":0}
[debug] [2026-03-17T15:54:08.994Z] [work-queue] {"queuedWork":["/japed-e09f2/us-central1/getMercadoPagoPaymentStatus-2026-03-17T15:54:08.994Z"],"queueLength":1,"runningWork":[],"workRunningCount":0}
[debug] [2026-03-17T15:54:08.994Z] [work-queue] {"queuedWork":[],"queueLength":0,"runningWork":["/japed-e09f2/us-central1/getMercadoPagoPaymentStatus-2026-03-17T15:54:08.994Z"],"workRunningCount":1}
[debug] [2026-03-17T15:54:08.994Z] Accepted request OPTIONS /japed-e09f2/us-central1/getMercadoPagoPaymentStatus --> us-central1-getMercadoPagoPaymentStatus
[debug] [2026-03-17T15:54:08.995Z] [functions] Runtime ready! Sending request! {"metadata":{"emulator":{"name":"functions"},"message":"[functions] Runtime ready! Sending request!"}}
[debug] [2026-03-17T15:54:08.995Z] [functions] Got req.url=/japed-e09f2/us-central1/getMercadoPagoPaymentStatus, mapping to path=/ {"metadata":{"emulator":{"name":"functions"},"message":"[functions] Got req.url=/japed-e09f2/us-central1/getMercadoPagoPaymentStatus, mapping to path=/"}}
[debug] [2026-03-17T15:54:08.995Z] [worker-pool] submitRequest(triggerId=us-central1-getMercadoPagoPaymentStatus) {"metadata":{"emulator":{"name":"functions"},"message":"[worker-pool] submitRequest(triggerId=us-central1-getMercadoPagoPaymentStatus)"}}
[info] i  functions: Beginning execution of "us-central1-getMercadoPagoPaymentStatus" {"metadata":{"emulator":{"name":"functions"},"function":{"name":"us-central1-getMercadoPagoPaymentStatus"},"extension":{},"message":"Beginning execution of \"us-central1-getMercadoPagoPaymentStatus\""}}
[debug] [2026-03-17T15:54:08.996Z] [worker-us-central1-getMercadoPagoPaymentStatus-4192931c-8225-4273-bee5-db8db79cd882]: BUSY {"metadata":{"emulator":{"name":"functions"},"function":{"name":"us-central1-getMercadoPagoPaymentStatus"},"extension":{},"message":"[worker-us-central1-getMercadoPagoPaymentStatus-4192931c-8225-4273-bee5-db8db79cd882]: BUSY"}}
[debug] [2026-03-17T15:54:09.000Z] Finishing up request with event=pause {"metadata":{"emulator":{"name":"functions"},"function":{"name":"us-central1-getMercadoPagoPaymentStatus"},"extension":{},"message":"Finishing up request with event=pause"}}
[info] i  functions: Finished "us-central1-getMercadoPagoPaymentStatus" in 4.1718ms {"metadata":{"emulator":{"name":"functions"},"function":{"name":"us-central1-getMercadoPagoPaymentStatus"},"extension":{},"message":"Finished \"us-central1-getMercadoPagoPaymentStatus\" in 4.1718ms"}}
[debug] [2026-03-17T15:54:09.002Z] [worker-us-central1-getMercadoPagoPaymentStatus-4192931c-8225-4273-bee5-db8db79cd882]: IDLE {"metadata":{"emulator":{"name":"functions"},"function":{"name":"us-central1-getMercadoPagoPaymentStatus"},"extension":{},"message":"[worker-us-central1-getMercadoPagoPaymentStatus-4192931c-8225-4273-bee5-db8db79cd882]: IDLE"}}
[debug] [2026-03-17T15:54:09.002Z] Finishing up request with event=finish {"metadata":{"emulator":{"name":"functions"},"function":{"name":"us-central1-getMercadoPagoPaymentStatus"},"extension":{},"message":"Finishing up request with event=finish"}}
[debug] [2026-03-17T15:54:09.002Z] Finishing up request with event=close {"metadata":{"emulator":{"name":"functions"},"function":{"name":"us-central1-getMercadoPagoPaymentStatus"},"extension":{},"message":"Finishing up request with event=close"}}
[debug] [2026-03-17T15:54:09.002Z] [work-queue] {"queuedWork":[],"queueLength":0,"runningWork":[],"workRunningCount":0}
[debug] [2026-03-17T15:54:09.004Z] [work-queue] {"queuedWork":["/japed-e09f2/us-central1/getMercadoPagoPaymentStatus-2026-03-17T15:54:09.004Z"],"queueLength":1,"runningWork":[],"workRunningCount":0}
[debug] [2026-03-17T15:54:09.004Z] [work-queue] {"queuedWork":[],"queueLength":0,"runningWork":["/japed-e09f2/us-central1/getMercadoPagoPaymentStatus-2026-03-17T15:54:09.004Z"],"workRunningCount":1}
[debug] [2026-03-17T15:54:09.004Z] Accepted request POST /japed-e09f2/us-central1/getMercadoPagoPaymentStatus --> us-central1-getMercadoPagoPaymentStatus
[debug] [2026-03-17T15:54:09.005Z] [functions] Runtime ready! Sending request! {"metadata":{"emulator":{"name":"functions"},"message":"[functions] Runtime ready! Sending request!"}}
[debug] [2026-03-17T15:54:09.005Z] [functions] Got req.url=/japed-e09f2/us-central1/getMercadoPagoPaymentStatus, mapping to path=/ {"metadata":{"emulator":{"name":"functions"},"message":"[functions] Got req.url=/japed-e09f2/us-central1/getMercadoPagoPaymentStatus, mapping to path=/"}}
[debug] [2026-03-17T15:54:09.005Z] [worker-pool] submitRequest(triggerId=us-central1-getMercadoPagoPaymentStatus) {"metadata":{"emulator":{"name":"functions"},"message":"[worker-pool] submitRequest(triggerId=us-central1-getMercadoPagoPaymentStatus)"}}
[info] i  functions: Beginning execution of "us-central1-getMercadoPagoPaymentStatus" {"metadata":{"emulator":{"name":"functions"},"function":{"name":"us-central1-getMercadoPagoPaymentStatus"},"extension":{},"message":"Beginning execution of \"us-central1-getMercadoPagoPaymentStatus\""}}
[debug] [2026-03-17T15:54:09.006Z] [worker-us-central1-getMercadoPagoPaymentStatus-4192931c-8225-4273-bee5-db8db79cd882]: BUSY {"metadata":{"emulator":{"name":"functions"},"function":{"name":"us-central1-getMercadoPagoPaymentStatus"},"extension":{},"message":"[worker-us-central1-getMercadoPagoPaymentStatus-4192931c-8225-4273-bee5-db8db79cd882]: BUSY"}}
[debug] [2026-03-17T15:54:09.371Z] Finishing up request with event=pause {"metadata":{"emulator":{"name":"functions"},"function":{"name":"us-central1-getMercadoPagoPaymentStatus"},"extension":{},"message":"Finishing up request with event=pause"}}
[info] i  functions: Finished "us-central1-getMercadoPagoPaymentStatus" in 364.7818ms {"metadata":{"emulator":{"name":"functions"},"function":{"name":"us-central1-getMercadoPagoPaymentStatus"},"extension":{},"message":"Finished \"us-central1-getMercadoPagoPaymentStatus\" in 364.7818ms"}}
[debug] [2026-03-17T15:54:09.373Z] [worker-us-central1-getMercadoPagoPaymentStatus-4192931c-8225-4273-bee5-db8db79cd882]: IDLE {"metadata":{"emulator":{"name":"functions"},"function":{"name":"us-central1-getMercadoPagoPaymentStatus"},"extension":{},"message":"[worker-us-central1-getMercadoPagoPaymentStatus-4192931c-8225-4273-bee5-db8db79cd882]: IDLE"}}
[debug] [2026-03-17T15:54:09.373Z] Finishing up request with event=finish {"metadata":{"emulator":{"name":"functions"},"function":{"name":"us-central1-getMercadoPagoPaymentStatus"},"extension":{},"message":"Finishing up request with event=finish"}}
[debug] [2026-03-17T15:54:09.373Z] Finishing up request with event=close {"metadata":{"emulator":{"name":"functions"},"function":{"name":"us-central1-getMercadoPagoPaymentStatus"},"extension":{},"message":"Finishing up request with event=close"}}
[debug] [2026-03-17T15:54:09.374Z] [work-queue] {"queuedWork":[],"queueLength":0,"runningWork":[],"workRunningCount":0}
[debug] [2026-03-17T15:55:41.454Z] [work-queue] {"queuedWork":["/japed-e09f2/us-central1/createMercadoPagoPixPayment-2026-03-17T15:55:41.454Z"],"queueLength":1,"runningWork":[],"workRunningCount":0}
[debug] [2026-03-17T15:55:41.454Z] [work-queue] {"queuedWork":[],"queueLength":0,"runningWork":["/japed-e09f2/us-central1/createMercadoPagoPixPayment-2026-03-17T15:55:41.454Z"],"workRunningCount":1}
[debug] [2026-03-17T15:55:41.455Z] Accepted request OPTIONS /japed-e09f2/us-central1/createMercadoPagoPixPayment --> us-central1-createMercadoPagoPixPayment
[debug] [2026-03-17T15:55:41.455Z] [functions] Runtime ready! Sending request! {"metadata":{"emulator":{"name":"functions"},"message":"[functions] Runtime ready! Sending request!"}}
[debug] [2026-03-17T15:55:41.456Z] [functions] Got req.url=/japed-e09f2/us-central1/createMercadoPagoPixPayment, mapping to path=/ {"metadata":{"emulator":{"name":"functions"},"message":"[functions] Got req.url=/japed-e09f2/us-central1/createMercadoPagoPixPayment, mapping to path=/"}}
[debug] [2026-03-17T15:55:41.456Z] [worker-pool] submitRequest(triggerId=us-central1-createMercadoPagoPixPayment) {"metadata":{"emulator":{"name":"functions"},"message":"[worker-pool] submitRequest(triggerId=us-central1-createMercadoPagoPixPayment)"}}
[info] i  functions: Beginning execution of "us-central1-createMercadoPagoPixPayment" {"metadata":{"emulator":{"name":"functions"},"function":{"name":"us-central1-createMercadoPagoPixPayment"},"extension":{},"message":"Beginning execution of \"us-central1-createMercadoPagoPixPayment\""}}
[debug] [2026-03-17T15:55:41.458Z] [worker-us-central1-createMercadoPagoPixPayment-2e734af8-4f01-4d77-bb35-0467b70345d9]: BUSY {"metadata":{"emulator":{"name":"functions"},"function":{"name":"us-central1-createMercadoPagoPixPayment"},"extension":{},"message":"[worker-us-central1-createMercadoPagoPixPayment-2e734af8-4f01-4d77-bb35-0467b70345d9]: BUSY"}}
[debug] [2026-03-17T15:55:41.464Z] Finishing up request with event=pause {"metadata":{"emulator":{"name":"functions"},"function":{"name":"us-central1-createMercadoPagoPixPayment"},"extension":{},"message":"Finishing up request with event=pause"}}
[info] i  functions: Finished "us-central1-createMercadoPagoPixPayment" in 8.1031ms {"metadata":{"emulator":{"name":"functions"},"function":{"name":"us-central1-createMercadoPagoPixPayment"},"extension":{},"message":"Finished \"us-central1-createMercadoPagoPixPayment\" in 8.1031ms"}}
[debug] [2026-03-17T15:55:41.474Z] [worker-us-central1-createMercadoPagoPixPayment-2e734af8-4f01-4d77-bb35-0467b70345d9]: IDLE {"metadata":{"emulator":{"name":"functions"},"function":{"name":"us-central1-createMercadoPagoPixPayment"},"extension":{},"message":"[worker-us-central1-createMercadoPagoPixPayment-2e734af8-4f01-4d77-bb35-0467b70345d9]: IDLE"}}
[debug] [2026-03-17T15:55:41.474Z] Finishing up request with event=finish {"metadata":{"emulator":{"name":"functions"},"function":{"name":"us-central1-createMercadoPagoPixPayment"},"extension":{},"message":"Finishing up request with event=finish"}}
[debug] [2026-03-17T15:55:41.474Z] Finishing up request with event=close {"metadata":{"emulator":{"name":"functions"},"function":{"name":"us-central1-createMercadoPagoPixPayment"},"extension":{},"message":"Finishing up request with event=close"}}
[debug] [2026-03-17T15:55:41.475Z] [work-queue] {"queuedWork":[],"queueLength":0,"runningWork":[],"workRunningCount":0}
[debug] [2026-03-17T15:55:41.476Z] [work-queue] {"queuedWork":["/japed-e09f2/us-central1/createMercadoPagoPixPayment-2026-03-17T15:55:41.476Z"],"queueLength":1,"runningWork":[],"workRunningCount":0}
[debug] [2026-03-17T15:55:41.477Z] [work-queue] {"queuedWork":[],"queueLength":0,"runningWork":["/japed-e09f2/us-central1/createMercadoPagoPixPayment-2026-03-17T15:55:41.476Z"],"workRunningCount":1}
[debug] [2026-03-17T15:55:41.477Z] Accepted request POST /japed-e09f2/us-central1/createMercadoPagoPixPayment --> us-central1-createMercadoPagoPixPayment
[debug] [2026-03-17T15:55:41.478Z] [functions] Runtime ready! Sending request! {"metadata":{"emulator":{"name":"functions"},"message":"[functions] Runtime ready! Sending request!"}}
[debug] [2026-03-17T15:55:41.478Z] [functions] Got req.url=/japed-e09f2/us-central1/createMercadoPagoPixPayment, mapping to path=/ {"metadata":{"emulator":{"name":"functions"},"message":"[functions] Got req.url=/japed-e09f2/us-central1/createMercadoPagoPixPayment, mapping to path=/"}}
[debug] [2026-03-17T15:55:41.479Z] [worker-pool] submitRequest(triggerId=us-central1-createMercadoPagoPixPayment) {"metadata":{"emulator":{"name":"functions"},"message":"[worker-pool] submitRequest(triggerId=us-central1-createMercadoPagoPixPayment)"}}
[info] i  functions: Beginning execution of "us-central1-createMercadoPagoPixPayment" {"metadata":{"emulator":{"name":"functions"},"function":{"name":"us-central1-createMercadoPagoPixPayment"},"extension":{},"message":"Beginning execution of \"us-central1-createMercadoPagoPixPayment\""}}
[debug] [2026-03-17T15:55:41.492Z] [worker-us-central1-createMercadoPagoPixPayment-2e734af8-4f01-4d77-bb35-0467b70345d9]: BUSY {"metadata":{"emulator":{"name":"functions"},"function":{"name":"us-central1-createMercadoPagoPixPayment"},"extension":{},"message":"[worker-us-central1-createMercadoPagoPixPayment-2e734af8-4f01-4d77-bb35-0467b70345d9]: BUSY"}}
[debug] [2026-03-17T15:55:42.882Z] Finishing up request with event=pause {"metadata":{"emulator":{"name":"functions"},"function":{"name":"us-central1-createMercadoPagoPixPayment"},"extension":{},"message":"Finishing up request with event=pause"}}
[info] i  functions: Finished "us-central1-createMercadoPagoPixPayment" in 1391.0677ms {"metadata":{"emulator":{"name":"functions"},"function":{"name":"us-central1-createMercadoPagoPixPayment"},"extension":{},"message":"Finished \"us-central1-createMercadoPagoPixPayment\" in 1391.0677ms"}}
[debug] [2026-03-17T15:55:42.891Z] [worker-us-central1-createMercadoPagoPixPayment-2e734af8-4f01-4d77-bb35-0467b70345d9]: IDLE {"metadata":{"emulator":{"name":"functions"},"function":{"name":"us-central1-createMercadoPagoPixPayment"},"extension":{},"message":"[worker-us-central1-createMercadoPagoPixPayment-2e734af8-4f01-4d77-bb35-0467b70345d9]: IDLE"}}
[debug] [2026-03-17T15:55:42.892Z] Finishing up request with event=finish {"metadata":{"emulator":{"name":"functions"},"function":{"name":"us-central1-createMercadoPagoPixPayment"},"extension":{},"message":"Finishing up request with event=finish"}}
[debug] [2026-03-17T15:55:42.893Z] Finishing up request with event=close {"metadata":{"emulator":{"name":"functions"},"function":{"name":"us-central1-createMercadoPagoPixPayment"},"extension":{},"message":"Finishing up request with event=close"}}
[debug] [2026-03-17T15:55:42.893Z] [work-queue] {"queuedWork":[],"queueLength":0,"runningWork":[],"workRunningCount":0}
[debug] [2026-03-17T15:55:47.099Z] [work-queue] {"queuedWork":["/japed-e09f2/us-central1/getMercadoPagoPaymentStatus-2026-03-17T15:55:47.098Z"],"queueLength":1,"runningWork":[],"workRunningCount":0}
[debug] [2026-03-17T15:55:47.099Z] [work-queue] {"queuedWork":[],"queueLength":0,"runningWork":["/japed-e09f2/us-central1/getMercadoPagoPaymentStatus-2026-03-17T15:55:47.098Z"],"workRunningCount":1}
[debug] [2026-03-17T15:55:47.099Z] Accepted request OPTIONS /japed-e09f2/us-central1/getMercadoPagoPaymentStatus --> us-central1-getMercadoPagoPaymentStatus
[debug] [2026-03-17T15:55:47.100Z] [functions] Runtime ready! Sending request! {"metadata":{"emulator":{"name":"functions"},"message":"[functions] Runtime ready! Sending request!"}}
[debug] [2026-03-17T15:55:47.101Z] [functions] Got req.url=/japed-e09f2/us-central1/getMercadoPagoPaymentStatus, mapping to path=/ {"metadata":{"emulator":{"name":"functions"},"message":"[functions] Got req.url=/japed-e09f2/us-central1/getMercadoPagoPaymentStatus, mapping to path=/"}}
[debug] [2026-03-17T15:55:47.101Z] [worker-pool] submitRequest(triggerId=us-central1-getMercadoPagoPaymentStatus) {"metadata":{"emulator":{"name":"functions"},"message":"[worker-pool] submitRequest(triggerId=us-central1-getMercadoPagoPaymentStatus)"}}
[info] i  functions: Beginning execution of "us-central1-getMercadoPagoPaymentStatus" {"metadata":{"emulator":{"name":"functions"},"function":{"name":"us-central1-getMercadoPagoPaymentStatus"},"extension":{},"message":"Beginning execution of \"us-central1-getMercadoPagoPaymentStatus\""}}
[debug] [2026-03-17T15:55:47.103Z] [worker-us-central1-getMercadoPagoPaymentStatus-4192931c-8225-4273-bee5-db8db79cd882]: BUSY {"metadata":{"emulator":{"name":"functions"},"function":{"name":"us-central1-getMercadoPagoPaymentStatus"},"extension":{},"message":"[worker-us-central1-getMercadoPagoPaymentStatus-4192931c-8225-4273-bee5-db8db79cd882]: BUSY"}}
[debug] [2026-03-17T15:55:47.111Z] Finishing up request with event=pause {"metadata":{"emulator":{"name":"functions"},"function":{"name":"us-central1-getMercadoPagoPaymentStatus"},"extension":{},"message":"Finishing up request with event=pause"}}
[info] i  functions: Finished "us-central1-getMercadoPagoPaymentStatus" in 7.8793ms {"metadata":{"emulator":{"name":"functions"},"function":{"name":"us-central1-getMercadoPagoPaymentStatus"},"extension":{},"message":"Finished \"us-central1-getMercadoPagoPaymentStatus\" in 7.8793ms"}}
[debug] [2026-03-17T15:55:47.113Z] [worker-us-central1-getMercadoPagoPaymentStatus-4192931c-8225-4273-bee5-db8db79cd882]: IDLE {"metadata":{"emulator":{"name":"functions"},"function":{"name":"us-central1-getMercadoPagoPaymentStatus"},"extension":{},"message":"[worker-us-central1-getMercadoPagoPaymentStatus-4192931c-8225-4273-bee5-db8db79cd882]: IDLE"}}
[debug] [2026-03-17T15:55:47.113Z] Finishing up request with event=finish {"metadata":{"emulator":{"name":"functions"},"function":{"name":"us-central1-getMercadoPagoPaymentStatus"},"extension":{},"message":"Finishing up request with event=finish"}}
[debug] [2026-03-17T15:55:47.113Z] Finishing up request with event=close {"metadata":{"emulator":{"name":"functions"},"function":{"name":"us-central1-getMercadoPagoPaymentStatus"},"extension":{},"message":"Finishing up request with event=close"}}
[debug] [2026-03-17T15:55:47.113Z] [work-queue] {"queuedWork":[],"queueLength":0,"runningWork":[],"workRunningCount":0}
[debug] [2026-03-17T15:55:47.115Z] [work-queue] {"queuedWork":["/japed-e09f2/us-central1/getMercadoPagoPaymentStatus-2026-03-17T15:55:47.115Z"],"queueLength":1,"runningWork":[],"workRunningCount":0}
[debug] [2026-03-17T15:55:47.115Z] [work-queue] {"queuedWork":[],"queueLength":0,"runningWork":["/japed-e09f2/us-central1/getMercadoPagoPaymentStatus-2026-03-17T15:55:47.115Z"],"workRunningCount":1}
[debug] [2026-03-17T15:55:47.116Z] Accepted request POST /japed-e09f2/us-central1/getMercadoPagoPaymentStatus --> us-central1-getMercadoPagoPaymentStatus
[debug] [2026-03-17T15:55:47.117Z] [functions] Runtime ready! Sending request! {"metadata":{"emulator":{"name":"functions"},"message":"[functions] Runtime ready! Sending request!"}}
[debug] [2026-03-17T15:55:47.118Z] [functions] Got req.url=/japed-e09f2/us-central1/getMercadoPagoPaymentStatus, mapping to path=/ {"metadata":{"emulator":{"name":"functions"},"message":"[functions] Got req.url=/japed-e09f2/us-central1/getMercadoPagoPaymentStatus, mapping to path=/"}}
[debug] [2026-03-17T15:55:47.118Z] [worker-pool] submitRequest(triggerId=us-central1-getMercadoPagoPaymentStatus) {"metadata":{"emulator":{"name":"functions"},"message":"[worker-pool] submitRequest(triggerId=us-central1-getMercadoPagoPaymentStatus)"}}
[info] i  functions: Beginning execution of "us-central1-getMercadoPagoPaymentStatus" {"metadata":{"emulator":{"name":"functions"},"function":{"name":"us-central1-getMercadoPagoPaymentStatus"},"extension":{},"message":"Beginning execution of \"us-central1-getMercadoPagoPaymentStatus\""}}
[debug] [2026-03-17T15:55:47.126Z] [worker-us-central1-getMercadoPagoPaymentStatus-4192931c-8225-4273-bee5-db8db79cd882]: BUSY {"metadata":{"emulator":{"name":"functions"},"function":{"name":"us-central1-getMercadoPagoPaymentStatus"},"extension":{},"message":"[worker-us-central1-getMercadoPagoPaymentStatus-4192931c-8225-4273-bee5-db8db79cd882]: BUSY"}}
[warn] !  External network resource requested!
   - URL: "https://api.mercadopago.com/v1/payments/150020253183"
 - Be careful, this may be a production service. {"metadata":{"emulator":{"name":"functions"},"function":{"name":"us-central1-getMercadoPagoPaymentStatus"},"extension":{},"message":"External network resource requested!\n   - URL: \"https://api.mercadopago.com/v1/payments/150020253183\"\n - Be careful, this may be a production service."}}
[debug] [2026-03-17T15:55:49.146Z] Finishing up request with event=pause {"metadata":{"emulator":{"name":"functions"},"function":{"name":"us-central1-getMercadoPagoPaymentStatus"},"extension":{},"message":"Finishing up request with event=pause"}}
[info] i  functions: Finished "us-central1-getMercadoPagoPaymentStatus" in 2020.9031ms {"metadata":{"emulator":{"name":"functions"},"function":{"name":"us-central1-getMercadoPagoPaymentStatus"},"extension":{},"message":"Finished \"us-central1-getMercadoPagoPaymentStatus\" in 2020.9031ms"}}
[debug] [2026-03-17T15:55:49.149Z] [worker-us-central1-getMercadoPagoPaymentStatus-4192931c-8225-4273-bee5-db8db79cd882]: IDLE {"metadata":{"emulator":{"name":"functions"},"function":{"name":"us-central1-getMercadoPagoPaymentStatus"},"extension":{},"message":"[worker-us-central1-getMercadoPagoPaymentStatus-4192931c-8225-4273-bee5-db8db79cd882]: IDLE"}}
[debug] [2026-03-17T15:55:49.150Z] Finishing up request with event=finish {"metadata":{"emulator":{"name":"functions"},"function":{"name":"us-central1-getMercadoPagoPaymentStatus"},"extension":{},"message":"Finishing up request with event=finish"}}
[debug] [2026-03-17T15:55:49.150Z] Finishing up request with event=close {"metadata":{"emulator":{"name":"functions"},"function":{"name":"us-central1-getMercadoPagoPaymentStatus"},"extension":{},"message":"Finishing up request with event=close"}}
[debug] [2026-03-17T15:55:49.151Z] [work-queue] {"queuedWork":[],"queueLength":0,"runningWork":[],"workRunningCount":0}
[debug] [2026-03-17T15:55:51.107Z] [work-queue] {"queuedWork":["/japed-e09f2/us-central1/getMercadoPagoPaymentStatus-2026-03-17T15:55:51.107Z"],"queueLength":1,"runningWork":[],"workRunningCount":0}
[debug] [2026-03-17T15:55:51.108Z] [work-queue] {"queuedWork":[],"queueLength":0,"runningWork":["/japed-e09f2/us-central1/getMercadoPagoPaymentStatus-2026-03-17T15:55:51.107Z"],"workRunningCount":1}
[debug] [2026-03-17T15:55:51.108Z] Accepted request POST /japed-e09f2/us-central1/getMercadoPagoPaymentStatus --> us-central1-getMercadoPagoPaymentStatus
[debug] [2026-03-17T15:55:51.108Z] [functions] Runtime ready! Sending request! {"metadata":{"emulator":{"name":"functions"},"message":"[functions] Runtime ready! Sending request!"}}
[debug] [2026-03-17T15:55:51.108Z] [functions] Got req.url=/japed-e09f2/us-central1/getMercadoPagoPaymentStatus, mapping to path=/ {"metadata":{"emulator":{"name":"functions"},"message":"[functions] Got req.url=/japed-e09f2/us-central1/getMercadoPagoPaymentStatus, mapping to path=/"}}
[debug] [2026-03-17T15:55:51.108Z] [worker-pool] submitRequest(triggerId=us-central1-getMercadoPagoPaymentStatus) {"metadata":{"emulator":{"name":"functions"},"message":"[worker-pool] submitRequest(triggerId=us-central1-getMercadoPagoPaymentStatus)"}}
[info] i  functions: Beginning execution of "us-central1-getMercadoPagoPaymentStatus" {"metadata":{"emulator":{"name":"functions"},"function":{"name":"us-central1-getMercadoPagoPaymentStatus"},"extension":{},"message":"Beginning execution of \"us-central1-getMercadoPagoPaymentStatus\""}}
[debug] [2026-03-17T15:55:51.110Z] [worker-us-central1-getMercadoPagoPaymentStatus-4192931c-8225-4273-bee5-db8db79cd882]: BUSY {"metadata":{"emulator":{"name":"functions"},"function":{"name":"us-central1-getMercadoPagoPaymentStatus"},"extension":{},"message":"[worker-us-central1-getMercadoPagoPaymentStatus-4192931c-8225-4273-bee5-db8db79cd882]: BUSY"}}
[debug] [2026-03-17T15:55:51.494Z] Finishing up request with event=pause {"metadata":{"emulator":{"name":"functions"},"function":{"name":"us-central1-getMercadoPagoPaymentStatus"},"extension":{},"message":"Finishing up request with event=pause"}}
[info] i  functions: Finished "us-central1-getMercadoPagoPaymentStatus" in 385.0461ms {"metadata":{"emulator":{"name":"functions"},"function":{"name":"us-central1-getMercadoPagoPaymentStatus"},"extension":{},"message":"Finished \"us-central1-getMercadoPagoPaymentStatus\" in 385.0461ms"}}
[debug] [2026-03-17T15:55:51.496Z] [worker-us-central1-getMercadoPagoPaymentStatus-4192931c-8225-4273-bee5-db8db79cd882]: IDLE {"metadata":{"emulator":{"name":"functions"},"function":{"name":"us-central1-getMercadoPagoPaymentStatus"},"extension":{},"message":"[worker-us-central1-getMercadoPagoPaymentStatus-4192931c-8225-4273-bee5-db8db79cd882]: IDLE"}}
[debug] [2026-03-17T15:55:51.496Z] Finishing up request with event=finish {"metadata":{"emulator":{"name":"functions"},"function":{"name":"us-central1-getMercadoPagoPaymentStatus"},"extension":{},"message":"Finishing up request with event=finish"}}
[debug] [2026-03-17T15:55:51.497Z] Finishing up request with event=close {"metadata":{"emulator":{"name":"functions"},"function":{"name":"us-central1-getMercadoPagoPaymentStatus"},"extension":{},"message":"Finishing up request with event=close"}}
[debug] [2026-03-17T15:55:51.497Z] [work-queue] {"queuedWork":[],"queueLength":0,"runningWork":[],"workRunningCount":0}
[debug] [2026-03-17T15:55:55.098Z] [work-queue] {"queuedWork":["/japed-e09f2/us-central1/getMercadoPagoPaymentStatus-2026-03-17T15:55:55.098Z"],"queueLength":1,"runningWork":[],"workRunningCount":0}
[debug] [2026-03-17T15:55:55.098Z] [work-queue] {"queuedWork":[],"queueLength":0,"runningWork":["/japed-e09f2/us-central1/getMercadoPagoPaymentStatus-2026-03-17T15:55:55.098Z"],"workRunningCount":1}
[debug] [2026-03-17T15:55:55.098Z] Accepted request OPTIONS /japed-e09f2/us-central1/getMercadoPagoPaymentStatus --> us-central1-getMercadoPagoPaymentStatus
[debug] [2026-03-17T15:55:55.099Z] [functions] Runtime ready! Sending request! {"metadata":{"emulator":{"name":"functions"},"message":"[functions] Runtime ready! Sending request!"}}
[debug] [2026-03-17T15:55:55.099Z] [functions] Got req.url=/japed-e09f2/us-central1/getMercadoPagoPaymentStatus, mapping to path=/ {"metadata":{"emulator":{"name":"functions"},"message":"[functions] Got req.url=/japed-e09f2/us-central1/getMercadoPagoPaymentStatus, mapping to path=/"}}
[debug] [2026-03-17T15:55:55.099Z] [worker-pool] submitRequest(triggerId=us-central1-getMercadoPagoPaymentStatus) {"metadata":{"emulator":{"name":"functions"},"message":"[worker-pool] submitRequest(triggerId=us-central1-getMercadoPagoPaymentStatus)"}}
[info] i  functions: Beginning execution of "us-central1-getMercadoPagoPaymentStatus" {"metadata":{"emulator":{"name":"functions"},"function":{"name":"us-central1-getMercadoPagoPaymentStatus"},"extension":{},"message":"Beginning execution of \"us-central1-getMercadoPagoPaymentStatus\""}}
[debug] [2026-03-17T15:55:55.100Z] [worker-us-central1-getMercadoPagoPaymentStatus-4192931c-8225-4273-bee5-db8db79cd882]: BUSY {"metadata":{"emulator":{"name":"functions"},"function":{"name":"us-central1-getMercadoPagoPaymentStatus"},"extension":{},"message":"[worker-us-central1-getMercadoPagoPaymentStatus-4192931c-8225-4273-bee5-db8db79cd882]: BUSY"}}
[debug] [2026-03-17T15:55:55.105Z] Finishing up request with event=pause {"metadata":{"emulator":{"name":"functions"},"function":{"name":"us-central1-getMercadoPagoPaymentStatus"},"extension":{},"message":"Finishing up request with event=pause"}}
[info] i  functions: Finished "us-central1-getMercadoPagoPaymentStatus" in 4.9298ms {"metadata":{"emulator":{"name":"functions"},"function":{"name":"us-central1-getMercadoPagoPaymentStatus"},"extension":{},"message":"Finished \"us-central1-getMercadoPagoPaymentStatus\" in 4.9298ms"}}
[debug] [2026-03-17T15:55:55.106Z] [worker-us-central1-getMercadoPagoPaymentStatus-4192931c-8225-4273-bee5-db8db79cd882]: IDLE {"metadata":{"emulator":{"name":"functions"},"function":{"name":"us-central1-getMercadoPagoPaymentStatus"},"extension":{},"message":"[worker-us-central1-getMercadoPagoPaymentStatus-4192931c-8225-4273-bee5-db8db79cd882]: IDLE"}}
[debug] [2026-03-17T15:55:55.107Z] Finishing up request with event=finish {"metadata":{"emulator":{"name":"functions"},"function":{"name":"us-central1-getMercadoPagoPaymentStatus"},"extension":{},"message":"Finishing up request with event=finish"}}
[debug] [2026-03-17T15:55:55.107Z] Finishing up request with event=close {"metadata":{"emulator":{"name":"functions"},"function":{"name":"us-central1-getMercadoPagoPaymentStatus"},"extension":{},"message":"Finishing up request with event=close"}}
[debug] [2026-03-17T15:55:55.107Z] [work-queue] {"queuedWork":[],"queueLength":0,"runningWork":[],"workRunningCount":0}
[debug] [2026-03-17T15:55:55.110Z] [work-queue] {"queuedWork":["/japed-e09f2/us-central1/getMercadoPagoPaymentStatus-2026-03-17T15:55:55.110Z"],"queueLength":1,"runningWork":[],"workRunningCount":0}
[debug] [2026-03-17T15:55:55.111Z] [work-queue] {"queuedWork":[],"queueLength":0,"runningWork":["/japed-e09f2/us-central1/getMercadoPagoPaymentStatus-2026-03-17T15:55:55.110Z"],"workRunningCount":1}
[debug] [2026-03-17T15:55:55.111Z] Accepted request POST /japed-e09f2/us-central1/getMercadoPagoPaymentStatus --> us-central1-getMercadoPagoPaymentStatus
[debug] [2026-03-17T15:55:55.112Z] [functions] Runtime ready! Sending request! {"metadata":{"emulator":{"name":"functions"},"message":"[functions] Runtime ready! Sending request!"}}
[debug] [2026-03-17T15:55:55.113Z] [functions] Got req.url=/japed-e09f2/us-central1/getMercadoPagoPaymentStatus, mapping to path=/ {"metadata":{"emulator":{"name":"functions"},"message":"[functions] Got req.url=/japed-e09f2/us-central1/getMercadoPagoPaymentStatus, mapping to path=/"}}
[debug] [2026-03-17T15:55:55.113Z] [worker-pool] submitRequest(triggerId=us-central1-getMercadoPagoPaymentStatus) {"metadata":{"emulator":{"name":"functions"},"message":"[worker-pool] submitRequest(triggerId=us-central1-getMercadoPagoPaymentStatus)"}}
[info] i  functions: Beginning execution of "us-central1-getMercadoPagoPaymentStatus" {"metadata":{"emulator":{"name":"functions"},"function":{"name":"us-central1-getMercadoPagoPaymentStatus"},"extension":{},"message":"Beginning execution of \"us-central1-getMercadoPagoPaymentStatus\""}}
[debug] [2026-03-17T15:55:55.128Z] [worker-us-central1-getMercadoPagoPaymentStatus-4192931c-8225-4273-bee5-db8db79cd882]: BUSY {"metadata":{"emulator":{"name":"functions"},"function":{"name":"us-central1-getMercadoPagoPaymentStatus"},"extension":{},"message":"[worker-us-central1-getMercadoPagoPaymentStatus-4192931c-8225-4273-bee5-db8db79cd882]: BUSY"}}
[debug] [2026-03-17T15:55:55.543Z] Finishing up request with event=pause {"metadata":{"emulator":{"name":"functions"},"function":{"name":"us-central1-getMercadoPagoPaymentStatus"},"extension":{},"message":"Finishing up request with event=pause"}}
[info] i  functions: Finished "us-central1-getMercadoPagoPaymentStatus" in 415.1987ms {"metadata":{"emulator":{"name":"functions"},"function":{"name":"us-central1-getMercadoPagoPaymentStatus"},"extension":{},"message":"Finished \"us-central1-getMercadoPagoPaymentStatus\" in 415.1987ms"}}
[debug] [2026-03-17T15:55:55.547Z] [worker-us-central1-getMercadoPagoPaymentStatus-4192931c-8225-4273-bee5-db8db79cd882]: IDLE {"metadata":{"emulator":{"name":"functions"},"function":{"name":"us-central1-getMercadoPagoPaymentStatus"},"extension":{},"message":"[worker-us-central1-getMercadoPagoPaymentStatus-4192931c-8225-4273-bee5-db8db79cd882]: IDLE"}}
[debug] [2026-03-17T15:55:55.547Z] Finishing up request with event=finish {"metadata":{"emulator":{"name":"functions"},"function":{"name":"us-central1-getMercadoPagoPaymentStatus"},"extension":{},"message":"Finishing up request with event=finish"}}
[debug] [2026-03-17T15:55:55.547Z] Finishing up request with event=close {"metadata":{"emulator":{"name":"functions"},"function":{"name":"us-central1-getMercadoPagoPaymentStatus"},"extension":{},"message":"Finishing up request with event=close"}}
[debug] [2026-03-17T15:55:55.548Z] [work-queue] {"queuedWork":[],"queueLength":0,"runningWork":[],"workRunningCount":0}
[debug] [2026-03-17T15:55:59.099Z] [work-queue] {"queuedWork":["/japed-e09f2/us-central1/getMercadoPagoPaymentStatus-2026-03-17T15:55:59.099Z"],"queueLength":1,"runningWork":[],"workRunningCount":0}
[debug] [2026-03-17T15:55:59.099Z] [work-queue] {"queuedWork":[],"queueLength":0,"runningWork":["/japed-e09f2/us-central1/getMercadoPagoPaymentStatus-2026-03-17T15:55:59.099Z"],"workRunningCount":1}
[debug] [2026-03-17T15:55:59.099Z] Accepted request POST /japed-e09f2/us-central1/getMercadoPagoPaymentStatus --> us-central1-getMercadoPagoPaymentStatus
[debug] [2026-03-17T15:55:59.100Z] [functions] Runtime ready! Sending request! {"metadata":{"emulator":{"name":"functions"},"message":"[functions] Runtime ready! Sending request!"}}
[debug] [2026-03-17T15:55:59.100Z] [functions] Got req.url=/japed-e09f2/us-central1/getMercadoPagoPaymentStatus, mapping to path=/ {"metadata":{"emulator":{"name":"functions"},"message":"[functions] Got req.url=/japed-e09f2/us-central1/getMercadoPagoPaymentStatus, mapping to path=/"}}
[debug] [2026-03-17T15:55:59.100Z] [worker-pool] submitRequest(triggerId=us-central1-getMercadoPagoPaymentStatus) {"metadata":{"emulator":{"name":"functions"},"message":"[worker-pool] submitRequest(triggerId=us-central1-getMercadoPagoPaymentStatus)"}}
[info] i  functions: Beginning execution of "us-central1-getMercadoPagoPaymentStatus" {"metadata":{"emulator":{"name":"functions"},"function":{"name":"us-central1-getMercadoPagoPaymentStatus"},"extension":{},"message":"Beginning execution of \"us-central1-getMercadoPagoPaymentStatus\""}}
[debug] [2026-03-17T15:55:59.101Z] [worker-us-central1-getMercadoPagoPaymentStatus-4192931c-8225-4273-bee5-db8db79cd882]: BUSY {"metadata":{"emulator":{"name":"functions"},"function":{"name":"us-central1-getMercadoPagoPaymentStatus"},"extension":{},"message":"[worker-us-central1-getMercadoPagoPaymentStatus-4192931c-8225-4273-bee5-db8db79cd882]: BUSY"}}
[debug] [2026-03-17T15:55:59.489Z] Finishing up request with event=pause {"metadata":{"emulator":{"name":"functions"},"function":{"name":"us-central1-getMercadoPagoPaymentStatus"},"extension":{},"message":"Finishing up request with event=pause"}}
[info] i  functions: Finished "us-central1-getMercadoPagoPaymentStatus" in 388.3095ms {"metadata":{"emulator":{"name":"functions"},"function":{"name":"us-central1-getMercadoPagoPaymentStatus"},"extension":{},"message":"Finished \"us-central1-getMercadoPagoPaymentStatus\" in 388.3095ms"}}
[debug] [2026-03-17T15:55:59.493Z] [worker-us-central1-getMercadoPagoPaymentStatus-4192931c-8225-4273-bee5-db8db79cd882]: IDLE {"metadata":{"emulator":{"name":"functions"},"function":{"name":"us-central1-getMercadoPagoPaymentStatus"},"extension":{},"message":"[worker-us-central1-getMercadoPagoPaymentStatus-4192931c-8225-4273-bee5-db8db79cd882]: IDLE"}}
[debug] [2026-03-17T15:55:59.493Z] Finishing up request with event=finish {"metadata":{"emulator":{"name":"functions"},"function":{"name":"us-central1-getMercadoPagoPaymentStatus"},"extension":{},"message":"Finishing up request with event=finish"}}
[debug] [2026-03-17T15:55:59.493Z] Finishing up request with event=close {"metadata":{"emulator":{"name":"functions"},"function":{"name":"us-central1-getMercadoPagoPaymentStatus"},"extension":{},"message":"Finishing up request with event=close"}}
[debug] [2026-03-17T15:55:59.493Z] [work-queue] {"queuedWork":[],"queueLength":0,"runningWork":[],"workRunningCount":0}
[debug] [2026-03-17T15:56:03.099Z] [work-queue] {"queuedWork":["/japed-e09f2/us-central1/getMercadoPagoPaymentStatus-2026-03-17T15:56:03.099Z"],"queueLength":1,"runningWork":[],"workRunningCount":0}
[debug] [2026-03-17T15:56:03.100Z] [work-queue] {"queuedWork":[],"queueLength":0,"runningWork":["/japed-e09f2/us-central1/getMercadoPagoPaymentStatus-2026-03-17T15:56:03.099Z"],"workRunningCount":1}
[debug] [2026-03-17T15:56:03.100Z] Accepted request OPTIONS /japed-e09f2/us-central1/getMercadoPagoPaymentStatus --> us-central1-getMercadoPagoPaymentStatus
[debug] [2026-03-17T15:56:03.100Z] [functions] Runtime ready! Sending request! {"metadata":{"emulator":{"name":"functions"},"message":"[functions] Runtime ready! Sending request!"}}
[debug] [2026-03-17T15:56:03.101Z] [functions] Got req.url=/japed-e09f2/us-central1/getMercadoPagoPaymentStatus, mapping to path=/ {"metadata":{"emulator":{"name":"functions"},"message":"[functions] Got req.url=/japed-e09f2/us-central1/getMercadoPagoPaymentStatus, mapping to path=/"}}
[debug] [2026-03-17T15:56:03.101Z] [worker-pool] submitRequest(triggerId=us-central1-getMercadoPagoPaymentStatus) {"metadata":{"emulator":{"name":"functions"},"message":"[worker-pool] submitRequest(triggerId=us-central1-getMercadoPagoPaymentStatus)"}}
[info] i  functions: Beginning execution of "us-central1-getMercadoPagoPaymentStatus" {"metadata":{"emulator":{"name":"functions"},"function":{"name":"us-central1-getMercadoPagoPaymentStatus"},"extension":{},"message":"Beginning execution of \"us-central1-getMercadoPagoPaymentStatus\""}}
[debug] [2026-03-17T15:56:03.102Z] [worker-us-central1-getMercadoPagoPaymentStatus-4192931c-8225-4273-bee5-db8db79cd882]: BUSY {"metadata":{"emulator":{"name":"functions"},"function":{"name":"us-central1-getMercadoPagoPaymentStatus"},"extension":{},"message":"[worker-us-central1-getMercadoPagoPaymentStatus-4192931c-8225-4273-bee5-db8db79cd882]: BUSY"}}
[debug] [2026-03-17T15:56:03.106Z] Finishing up request with event=pause {"metadata":{"emulator":{"name":"functions"},"function":{"name":"us-central1-getMercadoPagoPaymentStatus"},"extension":{},"message":"Finishing up request with event=pause"}}
[info] i  functions: Finished "us-central1-getMercadoPagoPaymentStatus" in 4.3007ms {"metadata":{"emulator":{"name":"functions"},"function":{"name":"us-central1-getMercadoPagoPaymentStatus"},"extension":{},"message":"Finished \"us-central1-getMercadoPagoPaymentStatus\" in 4.3007ms"}}
[debug] [2026-03-17T15:56:03.110Z] [worker-us-central1-getMercadoPagoPaymentStatus-4192931c-8225-4273-bee5-db8db79cd882]: IDLE {"metadata":{"emulator":{"name":"functions"},"function":{"name":"us-central1-getMercadoPagoPaymentStatus"},"extension":{},"message":"[worker-us-central1-getMercadoPagoPaymentStatus-4192931c-8225-4273-bee5-db8db79cd882]: IDLE"}}
[debug] [2026-03-17T15:56:03.110Z] Finishing up request with event=finish {"metadata":{"emulator":{"name":"functions"},"function":{"name":"us-central1-getMercadoPagoPaymentStatus"},"extension":{},"message":"Finishing up request with event=finish"}}
[debug] [2026-03-17T15:56:03.111Z] Finishing up request with event=close {"metadata":{"emulator":{"name":"functions"},"function":{"name":"us-central1-getMercadoPagoPaymentStatus"},"extension":{},"message":"Finishing up request with event=close"}}
[debug] [2026-03-17T15:56:03.111Z] [work-queue] {"queuedWork":[],"queueLength":0,"runningWork":[],"workRunningCount":0}
[debug] [2026-03-17T15:56:03.112Z] [work-queue] {"queuedWork":["/japed-e09f2/us-central1/getMercadoPagoPaymentStatus-2026-03-17T15:56:03.112Z"],"queueLength":1,"runningWork":[],"workRunningCount":0}
[debug] [2026-03-17T15:56:03.113Z] [work-queue] {"queuedWork":[],"queueLength":0,"runningWork":["/japed-e09f2/us-central1/getMercadoPagoPaymentStatus-2026-03-17T15:56:03.112Z"],"workRunningCount":1}
[debug] [2026-03-17T15:56:03.113Z] Accepted request POST /japed-e09f2/us-central1/getMercadoPagoPaymentStatus --> us-central1-getMercadoPagoPaymentStatus
[debug] [2026-03-17T15:56:03.114Z] [functions] Runtime ready! Sending request! {"metadata":{"emulator":{"name":"functions"},"message":"[functions] Runtime ready! Sending request!"}}
[debug] [2026-03-17T15:56:03.114Z] [functions] Got req.url=/japed-e09f2/us-central1/getMercadoPagoPaymentStatus, mapping to path=/ {"metadata":{"emulator":{"name":"functions"},"message":"[functions] Got req.url=/japed-e09f2/us-central1/getMercadoPagoPaymentStatus, mapping to path=/"}}
[debug] [2026-03-17T15:56:03.115Z] [worker-pool] submitRequest(triggerId=us-central1-getMercadoPagoPaymentStatus) {"metadata":{"emulator":{"name":"functions"},"message":"[worker-pool] submitRequest(triggerId=us-central1-getMercadoPagoPaymentStatus)"}}
[info] i  functions: Beginning execution of "us-central1-getMercadoPagoPaymentStatus" {"metadata":{"emulator":{"name":"functions"},"function":{"name":"us-central1-getMercadoPagoPaymentStatus"},"extension":{},"message":"Beginning execution of \"us-central1-getMercadoPagoPaymentStatus\""}}
[debug] [2026-03-17T15:56:03.117Z] [worker-us-central1-getMercadoPagoPaymentStatus-4192931c-8225-4273-bee5-db8db79cd882]: BUSY {"metadata":{"emulator":{"name":"functions"},"function":{"name":"us-central1-getMercadoPagoPaymentStatus"},"extension":{},"message":"[worker-us-central1-getMercadoPagoPaymentStatus-4192931c-8225-4273-bee5-db8db79cd882]: BUSY"}}
[debug] [2026-03-17T15:56:03.496Z] Finishing up request with event=pause {"metadata":{"emulator":{"name":"functions"},"function":{"name":"us-central1-getMercadoPagoPaymentStatus"},"extension":{},"message":"Finishing up request with event=pause"}}
[info] i  functions: Finished "us-central1-getMercadoPagoPaymentStatus" in 378.5551ms {"metadata":{"emulator":{"name":"functions"},"function":{"name":"us-central1-getMercadoPagoPaymentStatus"},"extension":{},"message":"Finished \"us-central1-getMercadoPagoPaymentStatus\" in 378.5551ms"}}
[debug] [2026-03-17T15:56:03.497Z] [worker-us-central1-getMercadoPagoPaymentStatus-4192931c-8225-4273-bee5-db8db79cd882]: IDLE {"metadata":{"emulator":{"name":"functions"},"function":{"name":"us-central1-getMercadoPagoPaymentStatus"},"extension":{},"message":"[worker-us-central1-getMercadoPagoPaymentStatus-4192931c-8225-4273-bee5-db8db79cd882]: IDLE"}}
[debug] [2026-03-17T15:56:03.498Z] Finishing up request with event=finish {"metadata":{"emulator":{"name":"functions"},"function":{"name":"us-central1-getMercadoPagoPaymentStatus"},"extension":{},"message":"Finishing up request with event=finish"}}
[debug] [2026-03-17T15:56:03.498Z] Finishing up request with event=close {"metadata":{"emulator":{"name":"functions"},"function":{"name":"us-central1-getMercadoPagoPaymentStatus"},"extension":{},"message":"Finishing up request with event=close"}}
[debug] [2026-03-17T15:56:03.498Z] [work-queue] {"queuedWork":[],"queueLength":0,"runningWork":[],"workRunningCount":0}
[debug] [2026-03-17T15:56:07.101Z] [work-queue] {"queuedWork":["/japed-e09f2/us-central1/getMercadoPagoPaymentStatus-2026-03-17T15:56:07.101Z"],"queueLength":1,"runningWork":[],"workRunningCount":0}
[debug] [2026-03-17T15:56:07.101Z] [work-queue] {"queuedWork":[],"queueLength":0,"runningWork":["/japed-e09f2/us-central1/getMercadoPagoPaymentStatus-2026-03-17T15:56:07.101Z"],"workRunningCount":1}
[debug] [2026-03-17T15:56:07.101Z] Accepted request POST /japed-e09f2/us-central1/getMercadoPagoPaymentStatus --> us-central1-getMercadoPagoPaymentStatus
[debug] [2026-03-17T15:56:07.102Z] [functions] Runtime ready! Sending request! {"metadata":{"emulator":{"name":"functions"},"message":"[functions] Runtime ready! Sending request!"}}
[debug] [2026-03-17T15:56:07.102Z] [functions] Got req.url=/japed-e09f2/us-central1/getMercadoPagoPaymentStatus, mapping to path=/ {"metadata":{"emulator":{"name":"functions"},"message":"[functions] Got req.url=/japed-e09f2/us-central1/getMercadoPagoPaymentStatus, mapping to path=/"}}
[debug] [2026-03-17T15:56:07.102Z] [worker-pool] submitRequest(triggerId=us-central1-getMercadoPagoPaymentStatus) {"metadata":{"emulator":{"name":"functions"},"message":"[worker-pool] submitRequest(triggerId=us-central1-getMercadoPagoPaymentStatus)"}}
[info] i  functions: Beginning execution of "us-central1-getMercadoPagoPaymentStatus" {"metadata":{"emulator":{"name":"functions"},"function":{"name":"us-central1-getMercadoPagoPaymentStatus"},"extension":{},"message":"Beginning execution of \"us-central1-getMercadoPagoPaymentStatus\""}}
[debug] [2026-03-17T15:56:07.103Z] [worker-us-central1-getMercadoPagoPaymentStatus-4192931c-8225-4273-bee5-db8db79cd882]: BUSY {"metadata":{"emulator":{"name":"functions"},"function":{"name":"us-central1-getMercadoPagoPaymentStatus"},"extension":{},"message":"[worker-us-central1-getMercadoPagoPaymentStatus-4192931c-8225-4273-bee5-db8db79cd882]: BUSY"}}
[debug] [2026-03-17T15:56:07.474Z] Finishing up request with event=pause {"metadata":{"emulator":{"name":"functions"},"function":{"name":"us-central1-getMercadoPagoPaymentStatus"},"extension":{},"message":"Finishing up request with event=pause"}}
[info] i  functions: Finished "us-central1-getMercadoPagoPaymentStatus" in 370.699ms {"metadata":{"emulator":{"name":"functions"},"function":{"name":"us-central1-getMercadoPagoPaymentStatus"},"extension":{},"message":"Finished \"us-central1-getMercadoPagoPaymentStatus\" in 370.699ms"}}
[debug] [2026-03-17T15:56:07.485Z] [worker-us-central1-getMercadoPagoPaymentStatus-4192931c-8225-4273-bee5-db8db79cd882]: IDLE {"metadata":{"emulator":{"name":"functions"},"function":{"name":"us-central1-getMercadoPagoPaymentStatus"},"extension":{},"message":"[worker-us-central1-getMercadoPagoPaymentStatus-4192931c-8225-4273-bee5-db8db79cd882]: IDLE"}}
[debug] [2026-03-17T15:56:07.486Z] Finishing up request with event=finish {"metadata":{"emulator":{"name":"functions"},"function":{"name":"us-central1-getMercadoPagoPaymentStatus"},"extension":{},"message":"Finishing up request with event=finish"}}
[debug] [2026-03-17T15:56:07.486Z] Finishing up request with event=close {"metadata":{"emulator":{"name":"functions"},"function":{"name":"us-central1-getMercadoPagoPaymentStatus"},"extension":{},"message":"Finishing up request with event=close"}}
[debug] [2026-03-17T15:56:07.486Z] [work-queue] {"queuedWork":[],"queueLength":0,"runningWork":[],"workRunningCount":0}
